-7.458134171671000345e+00 -7.712320754503900311e+00 -7.941088679053510013e+00 nan -8.649148282327008275e+00 -8.784233454094307447e+00 nan 0.000000000000000000e+00
-7.175704635190000680e+00 -6.861894039100000953e+00 -6.513215599000000466e+00 -6.125795110000000321e+00 -5.695327900000000554e+00 -5.217031000000000418e+00 nan -1.000000000000000000e+00
-7.458134171671000345e+00 -7.175704635190000680e+00 -6.861894039100000953e+00 nan -5.217031000000000418e+00 -4.685590000000000366e+00 nan -1.899999999999999911e+00
-7.712320754503900311e+00 -7.458134171671000345e+00 -7.175704635190000680e+00 nan -4.685590000000000366e+00 -4.095100000000000406e+00 -3.439000000000000057e+00 -2.709999999999999964e+00
-7.941088679053510013e+00 nan -7.458134171671000345e+00 -7.712320754503900311e+00 nan -4.685590000000000366e+00 -4.095100000000000406e+00 -3.439000000000000057e+00
-8.146979811148158390e+00 -7.941088679053510013e+00 -7.712320754503900311e+00 -7.941088679053510013e+00 -8.146979811148158390e+00 nan -4.685590000000000366e+00 nan
nan nan nan -8.146979811148158390e+00 -8.332281830033341663e+00 -8.499053647030008207e+00 nan -9.015229097816389370e+00
-8.784233454094307447e+00 -8.649148282327008275e+00 -8.499053647030008207e+00 -8.332281830033341663e+00 -8.499053647030008207e+00 -8.649148282327008275e+00 -8.784233454094307447e+00 -8.905810108684876880e+00
